
*:3
throw {  // eslint-disable-line no-throw-literal
^
[object Object]
